<!DOCTYPE html>
<html lang="en">
<head>
<meta charset="utf-8">
<title>Welcome to four</title>
</head>
<body>
<h1>Directory listing of /four</h1>
<a href="index.html">index.html</a><br />
</body>
</html>
